Copyright 1986-2019 Xilinx, Inc. All Rights Reserved.
---------------------------------------------------------------------------------------------
| Tool Version : Vivado v.2019.1 (win64) Build 2552052 Fri May 24 14:49:42 MDT 2019
| Date         : Wed Mar  6 23:10:09 2024
| Host         : alex-yoga running 64-bit major release  (build 9200)
| Command      : report_control_sets -verbose -file design_1_wrapper_control_sets_placed.rpt
| Design       : design_1_wrapper
| Device       : xc7z020
---------------------------------------------------------------------------------------------

Control Set Information

Table of Contents
-----------------
1. Summary
2. Histogram
3. Flip-Flop Distribution
4. Detailed Control Set Information

1. Summary
----------

+----------------------------------------------------------+-------+
|                          Status                          | Count |
+----------------------------------------------------------+-------+
| Total control sets                                       |    28 |
|    Minimum number of control sets                        |    28 |
|    Addition due to synthesis replication                 |     0 |
|    Addition due to physical synthesis replication        |     0 |
| Unused register locations in slices containing registers |    59 |
+----------------------------------------------------------+-------+
* Control sets can be merged at opt_design using control_set_merge or merge_equivalent_drivers
** Run report_qor_suggestions for automated merging and remapping suggestions


2. Histogram
------------

+--------------------+-------+
|       Fanout       | Count |
+--------------------+-------+
| Total control sets |    28 |
| >= 0 to < 4        |     0 |
| >= 4 to < 6        |     5 |
| >= 6 to < 8        |     1 |
| >= 8 to < 10       |     1 |
| >= 10 to < 12      |     0 |
| >= 12 to < 14      |     0 |
| >= 14 to < 16      |     4 |
| >= 16              |    17 |
+--------------------+-------+
* Control sets can be remapped at either synth_design or opt_design


3. Flip-Flop Distribution
-------------------------

+--------------+-----------------------+------------------------+-----------------+--------------+
| Clock Enable | Synchronous Set/Reset | Asynchronous Set/Reset | Total Registers | Total Slices |
+--------------+-----------------------+------------------------+-----------------+--------------+
| No           | No                    | No                     |             125 |           51 |
| No           | No                    | Yes                    |               0 |            0 |
| No           | Yes                   | No                     |            1594 |          458 |
| Yes          | No                    | No                     |             994 |          288 |
| Yes          | No                    | Yes                    |               0 |            0 |
| Yes          | Yes                   | No                     |             956 |          319 |
+--------------+-----------------------+------------------------+-----------------+--------------+


4. Detailed Control Set Information
-----------------------------------

+--------------------------------------------------------+--------------------------------------------------------------------------------+-------------------------------------------------------------------+------------------+----------------+
|                      Clock Signal                      |                                  Enable Signal                                 |                          Set/Reset Signal                         | Slice Load Count | Bel Load Count |
+--------------------------------------------------------+--------------------------------------------------------------------------------+-------------------------------------------------------------------+------------------+----------------+
|  design_1_i/top_0/inst/inst_clock_wizard/inst/clk_out1 | design_1_i/top_0/inst/inst_pipe/inst_coe/read_en                               |                                                                   |                2 |              4 |
|  design_1_i/top_0/inst/inst_clock_wizard/inst/clk_out1 | design_1_i/top_0/inst/inst_pipe/inst_reverb/inst_ram_reverb/rd_enable          |                                                                   |                1 |              4 |
|  design_1_i/top_0/inst/inst_clock_wizard/inst/clk_out1 | design_1_i/top_0/inst/inst_pipe/inst_wah/inst_coe/coef_offset[3]_i_1_n_0       | design_1_i/top_0/inst/inst_pipe/inst_reverb/Q[0]                  |                1 |              4 |
|  design_1_i/top_0/inst/inst_clock_wizard/inst/clk_out1 | design_1_i/top_0/inst/inst_i2s/p_0_in_1                                        | rst_IBUF                                                          |                3 |              5 |
|  design_1_i/top_0/inst/inst_clock_wizard/inst/clk_out1 | design_1_i/top_0/inst/inst_pipe/inst_reverb/valid_reg[2]_0[0]                  | rst_IBUF                                                          |                1 |              5 |
|  design_1_i/top_0/inst/inst_clock_wizard/inst/clk_out1 | design_1_i/top_0/inst/inst_pipe/inst_delay/inst_ram_delay/i_vld_d1             |                                                                   |                2 |              6 |
|  design_1_i/top_0/inst/inst_clock_wizard/inst/clk_out1 | design_1_i/top_0/inst/inst_pipe/inst_reverb/E[0]                               | rst_IBUF                                                          |                3 |              8 |
|  design_1_i/top_0/inst/inst_clock_wizard/inst/clk_out1 | design_1_i/top_0/inst/inst_pipe/inst_reverb/valid[1]                           | rst_IBUF                                                          |                4 |             14 |
|  design_1_i/top_0/inst/inst_clock_wizard/inst/clk_out1 |                                                                                | design_1_i/top_0/inst/inst_i2s/temp_in[15]_i_1_n_0                |                3 |             15 |
|  design_1_i/top_0/inst/inst_clock_wizard/inst/clk_out1 | design_1_i/top_0/inst/inst_pipe/inst_delay/inst_ram_delay/read_index           |                                                                   |                5 |             15 |
|  design_1_i/top_0/inst/inst_clock_wizard/inst/clk_out1 | design_1_i/top_0/inst/inst_pipe/inst_delay/Q[0]                                | rst_IBUF                                                          |                4 |             15 |
|  design_1_i/top_0/inst/inst_clock_wizard/inst/clk_out1 | design_1_i/top_0/inst/inst_pipe/inst_wah/rst_0[0]                              | design_1_i/top_0/inst/inst_pipe/inst_noise_gate_in/clean_data     |                3 |             16 |
|  design_1_i/top_0/inst/inst_clock_wizard/inst/clk_out1 | design_1_i/top_0/inst/inst_pipe/inst_wah/rst_0[0]                              | design_1_i/top_0/inst/inst_pipe/inst_noise_gate_out/clean_data    |                5 |             16 |
|  design_1_i/top_0/inst/inst_clock_wizard/inst/clk_out1 | design_1_i/top_0/inst/inst_i2s/temp_in_0                                       | rst_IBUF                                                          |                4 |             16 |
|  design_1_i/top_0/inst/inst_clock_wizard/inst/clk_out1 | design_1_i/top_0/inst/inst_pipe/inst_reverb/inst_ram_reverb/o_dat1[15]_i_1_n_0 |                                                                   |                7 |             16 |
|  design_1_i/top_0/inst/inst_clock_wizard/inst/clk_out1 | design_1_i/top_0/inst/inst_pipe/inst_reverb/inst_ram_reverb/o_dat3[15]_i_1_n_0 |                                                                   |                5 |             16 |
|  design_1_i/top_0/inst/inst_clock_wizard/inst/clk_out1 | design_1_i/top_0/inst/inst_pipe/inst_reverb/inst_ram_reverb/o_dat0[15]_i_1_n_0 |                                                                   |                5 |             16 |
|  design_1_i/top_0/inst/inst_clock_wizard/inst/clk_out1 | design_1_i/top_0/inst/inst_pipe/inst_reverb/inst_ram_reverb/o_dat2[15]_i_1_n_0 |                                                                   |                6 |             16 |
|  design_1_i/top_0/inst/inst_clock_wizard/inst/clk_out1 |                                                                                | design_1_i/top_0/inst/inst_debouncer/inst_deb_0/cnt[0]_i_1_n_0    |                5 |             17 |
|  design_1_i/top_0/inst/inst_clock_wizard/inst/clk_out1 |                                                                                | design_1_i/top_0/inst/inst_debouncer/inst_deb_1/cnt[0]_i_1__0_n_0 |                5 |             17 |
|  design_1_i/top_0/inst/inst_clock_wizard/inst/clk_out1 |                                                                                | design_1_i/top_0/inst/inst_debouncer/inst_deb_2/cnt[0]_i_1__1_n_0 |                5 |             17 |
|  design_1_i/top_0/inst/inst_clock_wizard/inst/clk_out1 | design_1_i/top_0/inst/inst_pipe/inst_reverb/inst_ram_reverb/addr1_0            |                                                                   |                9 |             23 |
|  design_1_i/top_0/inst/inst_clock_wizard/inst/clk_out1 | design_1_i/top_0/inst/inst_i2s/reg_out[15]_i_1_n_0                             |                                                                   |               10 |             32 |
|  design_1_i/top_0/inst/inst_clock_wizard/inst/clk_out1 | design_1_i/top_0/inst/inst_pipe/inst_reverb/Q[0]                               | design_1_i/top_0/inst/inst_pipe/inst_wah/p_0_out__79_i_2_n_0      |               29 |             64 |
|  design_1_i/top_0/inst/inst_clock_wizard/inst/clk_out1 |                                                                                |                                                                   |               51 |            160 |
|  design_1_i/top_0/inst/inst_clock_wizard/inst/clk_out1 | design_1_i/top_0/inst/inst_pipe/inst_reverb/Q[0]                               | rst_IBUF                                                          |              262 |            793 |
|  design_1_i/top_0/inst/inst_clock_wizard/inst/clk_out1 | design_1_i/top_0/inst/inst_pipe/inst_wah/rst_0[0]                              |                                                                   |              236 |            846 |
|  design_1_i/top_0/inst/inst_clock_wizard/inst/clk_out1 |                                                                                | rst_IBUF                                                          |              440 |           1528 |
+--------------------------------------------------------+--------------------------------------------------------------------------------+-------------------------------------------------------------------+------------------+----------------+


