reg__116: 
case__29: 
blk_mem_gen_prim_wrapper__parameterized19: 
case__91: 
logic__202: 
blk_mem_gen_prim_width__parameterized4: 
datapath__69: 
blk_mem_gen_prim_width__parameterized15: 
dsp48e1__5: 
logic__118: 
reg__13: 
datapath__62: 
blk_mem_gen_mux__parameterized4: 
reverb: 
ram_delay: 
logic__197: 
logic__170: 
case__4: 
blk_mem_gen_mux__parameterized2: 
datapath__60: 
reg__76: 
blk_mem_gen_prim_wrapper__parameterized13: 
reg__52: 
case__7: 
logic__66: 
reg__2: 
logic__196: 
datapath__27: 
case__26: 
logic__85: 
reg: 
reg__39: 
reg__125: 
reg__86: 
reg__128: 
case__5: 
logic__47: 
reg__160: 
reg__154: 
blk_mem_gen_prim_wrapper__parameterized14: 
case__58: 
datapath__15: 
logic__149: 
datapath__22: 
logic__201: 
case__82: 
case__35: 
reg__132: 
datapath__28: 
reg__22: 
reg__12: 
logic__93: 
datapath__48: 
reg__78: 
blk_mem_gen_prim_wrapper_init__parameterized2: 
datapath__14: 
blk_mem_gen_v8_4_3__parameterized1: 
case__2: 
blk_mem_gen_prim_width__parameterized16: 
reg__67: 
reg__193: 
reg__100: 
blk_mem_gen_prim_width__parameterized23: 
datapath__21: 
datapath__45: 
datapath__26: 
logic__140: 
blk_mem_gen_prim_width__parameterized2: 
reg__72: 
case__51: 
datapath__64: 
reg__91: 
logic__195: 
signinv: 
reg__69: 
datapath__40: 
reg__145: 
blk_mem_gen_top__parameterized1: 
logic__46: 
reg__96: 
logic__8: 
clk_wiz: 
logic__147: 
logic__65: 
blk_mem_gen_prim_wrapper__parameterized21: 
logic__1: 
reg__32: 
reg__15: 
reg__70: 
datapath__16: 
reg__68: 
reg__205: 
logic__182: 
logic__41: 
reg__28: 
logic__40: 
case__22: 
blk_mem_gen_prim_wrapper__parameterized16: 
blk_mem_gen_prim_width__parameterized11: 
reg__50: 
datapath__13: 
reg__29: 
datapath: 
reg__101: 
logic__146: 
reg__149: 
counter__7: 
reg__41: 
logic__192: 
blk_mem_gen_prim_width__parameterized21: 
reg__167: 
bindec: 
datapath__37: 
datapath__67: 
reg__137: 
datapath__7: 
reg__185: 
reg__63: 
reg__71: 
logic: 
reg__121: 
reg__114: 
logic__177: 
case__90: 
reg__181: 
datapath__63: 
blk_mem_gen_prim_width__parameterized17: 
logic__171: 
logic__161: 
blk_mem_gen_generic_cstr__parameterized0: 
blk_mem_gen_prim_width__parameterized8: 
blk_mem_gen_prim_wrapper__parameterized15: 
blk_mem_gen_prim_wrapper__parameterized11: 
blk_mem_gen_v8_4_3: 
blk_mem_input_block__parameterized1: 
noise_gate: 
datapath__47: 
reg__143: 
logic__168: 
blk_mem_output_block__parameterized0: 
counter: 
datapath__58: 
case__72: 
logic__186: 
reg__196: 
blk_mem_gen_top: 
reg__175: 
blk_mem_gen_2: 
case__38: 
logic__10: 
case__11: 
reg__107: 
logic__148: 
reg__136: 
reg__27: 
reg__95: 
case__61: 
datapath__17: 
reg__55: 
reg__43: 
case__44: 
logic__20: 
logic__94: 
reg__171: 
reg__152: 
reg__109: 
reg__60: 
reg__20: 
debouncer: 
case: 
logic__15: 
reg__146: 
blk_mem_gen_prim_width__parameterized12: 
reg__131: 
datapath__31: 
case__36: 
logic__4: 
bindec__parameterized0: 
reg__157: 
reg__64: 
reg__35: 
logic__198: 
reg__1: 
case__45: 
logic__127: 
case__31: 
case__28: 
design_1_top_0_0: 
case__86: 
reg__161: 
case__32: 
datapath__73: 
blk_mem_gen_prim_wrapper__parameterized9: 
case__68: 
logic__116: 
datapath__20: 
reg__34: 
reg__73: 
reg__53: 
blk_mem_gen_prim_width__parameterized19: 
dsp48e1__1: 
logic__120: 
reg__74: 
datapath__30: 
logic__199: 
case__43: 
case__83: 
case__77: 
datapath__11: 
datapath__53: 
logic__154: 
case__25: 
case__41: 
reg__174: 
blk_mem_output_block: 
logic__89: 
blk_mem_gen_prim_width__parameterized18: 
blk_mem_gen_prim_width__parameterized25: 
datapath__19: 
reg__24: 
datapath__52: 
reg__110: 
reg__58: 
logic__105: 
datapath__12: 
blk_mem_gen_mux__parameterized0: 
datapath__46: 
reg__123: 
blk_mem_gen_prim_wrapper__parameterized5: 
logic__13: 
blk_mem_input_block__parameterized0: 
case__88: 
case__87: 
case__46: 
blk_mem_gen_top__parameterized0: 
datapath__35: 
logic__21: 
blk_mem_gen_prim_width__parameterized9: 
blk_mem_gen_prim_width__parameterized13: 
case__56: 
case__33: 
addsub__1: 
case__52: 
logic__150: 
reg__179: 
case__55: 
reg__11: 
dsp48e1: 
datapath__9: 
case__23: 
reg__187: 
wah: 
blk_mem_gen_mux__parameterized3: 
reg__14: 
datapath__55: 
reg__25: 
reg__38: 
reg__117: 
reg__189: 
reg__141: 
logic__79: 
reg__83: 
blk_mem_gen_prim_width__parameterized10: 
case__3: 
logic__95: 
case__80: 
case__42: 
blk_mem_gen_prim_wrapper__parameterized4: 
datapath__44: 
reg__163: 
logic__128: 
case__63: 
blk_mem_gen_prim_width__parameterized20: 
logic__109: 
reg__147: 
load_coefficients: 
reg__204: 
dsp48e1__4: 
datapath__23: 
case__92: 
reg__158: 
datapath__24: 
reg__23: 
counter__1: 
blk_mem_gen_prim_wrapper__parameterized6: 
blk_mem_gen_prim_wrapper__parameterized1: 
reg__44: 
reg__85: 
logic__144: 
reg__16: 
blk_mem_gen_prim_width__parameterized3: 
datapath__43: 
reg__191: 
reg__126: 
logic__43: 
reg__5: 
reg__184: 
logic__166: 
counter__3: 
effect_config: 
logic__123: 
blk_mem_gen_mux: 
blk_mem_gen_prim_wrapper_init: 
case__47: 
datapath__50: 
addsub: 
case__37: 
logic__7: 
counter__10: 
datapath__54: 
logic__178: 
reg__106: 
case__14: 
case__69: 
logic__142: 
logic__203: 
reg__122: 
reg__46: 
blk_mem_gen_prim_width__parameterized0: 
logic__9: 
reg__188: 
blk_mem_gen_prim_width__parameterized14: 
reg__56: 
logic__90: 
blk_mem_gen_prim_width__parameterized22: 
reg__129: 
case__66: 
datapath__59: 
logic__39: 
reg__170: 
reg__119: 
logic__92: 
blk_mem_gen_prim_wrapper__parameterized7: 
logic__67: 
top: 
config2led: 
blk_mem_gen_prim_wrapper__parameterized3: 
logic__191: 
blk_mem_gen_prim_wrapper__parameterized17: 
case__76: 
reg__115: 
reg__36: 
case__70: 
reg__173: 
case__18: 
delay: 
reg__156: 
case__75: 
logic__88: 
reg__10: 
datapath__3: 
logic__190: 
reg__103: 
reg__79: 
case__74: 
logic__179: 
case__59: 
reg__31: 
datapath__5: 
datapath__38: 
blk_mem_gen_prim_width: 
datapath__72: 
reg__127: 
reg__75: 
reg__33: 
case__85: 
reg__148: 
logic__163: 
reg__59: 
reg__66: 
blk_mem_gen_prim_width__parameterized5: 
reg__135: 
reg__45: 
case__89: 
blk_mem_gen_prim_width__parameterized1: 
reg__62: 
reg__183: 
reg__88: 
case__27: 
reg__47: 
blk_mem_gen_prim_wrapper: 
reg__198: 
logic__14: 
case__79: 
blk_mem_gen_v8_4_3_synth__parameterized0: 
reg__51: 
blk_mem_gen_prim_wrapper__parameterized18: 
reg__151: 
reg__98: 
datapath__1: 
reg__195: 
datapath__71: 
reg__30: 
reg__176: 
datapath__10: 
case__24: 
counter__2: 
datapath__33: 
reg__3: 
reg__203: 
counter__8: 
blk_mem_gen_v8_4_3_synth: 
counter__5: 
blk_mem_gen_generic_cstr__parameterized1: 
logic__126: 
reg__182: 
logic__107: 
blk_mem_gen_prim_wrapper__parameterized10: 
datapath__68: 
case__39: 
reg__40: 
case__53: 
case__16: 
blk_mem_gen_0: 
reg__133: 
case__13: 
datapath__70: 
reg__89: 
blk_mem_gen_prim_wrapper_init__parameterized0: 
reg__77: 
reg__169: 
datapath__39: 
blk_mem_gen_mux__parameterized1: 
logic__165: 
reg__97: 
reg__144: 
reg__17: 
logic__181: 
logic__44: 
reg__199: 
counter__9: 
reg__80: 
datapath__42: 
logic__45: 
case__57: 
reg__9: 
reg__120: 
blk_mem_gen_prim_wrapper_init__parameterized1: 
reg__192: 
blk_mem_gen_prim_wrapper__parameterized20: 
case__64: 
reg__48: 
reg__200: 
logic__183: 
reg__134: 
reg__180: 
reg__61: 
case__21: 
reg__54: 
case__17: 
reg__49: 
reg__172: 
logic__68: 
datapath__51: 
reg__111: 
case__15: 
reg__138: 
logic__48: 
ram_reverb: 
logic__172: 
reg__118: 
blk_mem_gen_prim_wrapper__parameterized0: 
reg__104: 
logic__167: 
reg__6: 
reg__112: 
counter__6: 
reg__37: 
blk_mem_gen_1: 
logic__22: 
datapath__36: 
reg__19: 
reg__186: 
reg__113: 
datapath__49: 
reg__93: 
logic__117: 
datapath__18: 
reg__102: 
reg__82: 
pipeline: 
case__48: 
reg__7: 
counter__4: 
reg__81: 
blk_mem_gen_v8_4_3_synth__parameterized1: 
case__81: 
reg__26: 
reg__18: 
noise_gate__parameterized0: 
logic__96: 
case__10: 
case__78: 
reg__108: 
reg__90: 
case__6: 
case__60: 
logic__69: 
muxpart__1: 
reg__168: 
case__50: 
datapath__34: 
reg__87: 
blk_mem_gen_prim_width__parameterized7: 
logic__169: 
logic__35: 
case__62: 
case__71: 
reg__153: 
reg__150: 
logic__106: 
reg__155: 
logic__162: 
datapath__66: 
case__54: 
reg__105: 
reg__194: 
datapath__61: 
logic__145: 
reg__139: 
logic__153: 
datapath__6: 
reg__94: 
datapath__8: 
logic__200: 
logic__141: 
dsp48e1__2: 
datapath__29: 
blk_mem_gen_prim_width__parameterized6: 
logic__175: 
reg__140: 
blk_mem_gen_prim_wrapper__parameterized12: 
blk_mem_input_block: 
reg__159: 
datapath__25: 
case__30: 
reg__57: 
datapath__65: 
reg__92: 
muxpart: 
reg__8: 
reg__190: 
logic__124: 
reg__177: 
reg__166: 
logic__176: 
case__20: 
debouncer_array: 
reg__130: 
reg__124: 
case__40: 
clk_wiz_leaf: 
case__73: 
blk_mem_gen_v8_4_3__parameterized3: 
logic__108: 
logic__189: 
logic__91: 
dsp48e1__7: 
logic__125: 
reg__4: 
blk_mem_output_block__parameterized1: 
case__67: 
datapath__57: 
logic__174: 
distortion: 
reg__202: 
reg__42: 
reg__178: 
dsp48e1__3: 
logic__135: 
reg__162: 
reg__142: 
logic__173: 
reg__99: 
case__9: 
datapath__41: 
datapath__32: 
blk_mem_gen_generic_cstr: 
i2s_control: 
datapath__56: 
reg__164: 
signinv__1: 
reg__84: 
blk_mem_gen_prim_wrapper__parameterized8: 
dsp48e1__6: 
logic__42: 
reg__65: 
logic__143: 
case__1: 
reg__165: 
reg__197: 
case__84: 
blk_mem_gen_prim_width__parameterized24: 
logic__119: 
reg__201: 
case__49: 
reg__21: 
blk_mem_gen_prim_wrapper__parameterized2: 
