reg__135: 
reg__160: 
logic__22: 
reg__57: 
logic__78: 
case__24: 
reg__79: 
logic__157: 
logic__137: 
logic__65: 
blk_mem_gen_prim_width__parameterized8: 
case__67: 
bindec__parameterized0: 
pipeline: 
datapath__57: 
blk_mem_gen_prim_wrapper__parameterized2: 
case__11: 
reg__64: 
reg__54: 
datapath__9: 
reg__124: 
reg__28: 
case__16: 
logic__131: 
datapath__51: 
logic__162: 
reg__69: 
blk_mem_gen_prim_wrapper__parameterized4: 
case__71: 
case__58: 
datapath__52: 
reg__106: 
logic__35: 
blk_mem_gen_top__parameterized0: 
blk_mem_gen_prim_wrapper__parameterized0: 
reg__102: 
reg__72: 
wah: 
reg__155: 
datapath__27: 
blk_mem_gen_prim_width__parameterized1: 
datapath__17: 
reg__105: 
reg__92: 
case__38: 
reg__134: 
reg__112: 
reg__35: 
logic__150: 
reg__2: 
case__15: 
logic__138: 
reg: 
reg__96: 
case__66: 
reg__143: 
case__53: 
blk_mem_gen_prim_width__parameterized18: 
reg__103: 
noise_gate: 
counter__7: 
reg__161: 
blk_mem_gen_prim_width__parameterized9: 
logic__39: 
reg__40: 
blk_mem_gen_prim_wrapper_init: 
logic__146: 
logic__124: 
reg__173: 
logic__118: 
logic__9: 
case__21: 
reg__27: 
logic__84: 
logic__140: 
reg__148: 
logic__4: 
counter__2: 
logic__127: 
blk_mem_gen_prim_wrapper__parameterized19: 
blk_mem_output_block: 
datapath__50: 
case__50: 
blk_mem_gen_prim_wrapper__parameterized11: 
load_coefficients: 
blk_mem_gen_prim_width__parameterized16: 
dsp48e1__2: 
reg__115: 
logic__13: 
reg__130: 
blk_mem_gen_v8_4_3__parameterized3: 
blk_mem_gen_prim_width__parameterized11: 
reg__32: 
signinv: 
case__6: 
blk_mem_gen_generic_cstr__parameterized1: 
reg__91: 
reg__47: 
blk_mem_gen_prim_width__parameterized7: 
case__19: 
reg__37: 
reg__150: 
reg__85: 
datapath__25: 
logic__117: 
blk_mem_gen_prim_width__parameterized12: 
reg__52: 
case__34: 
logic__163: 
datapath__71: 
blk_mem_gen_prim_wrapper__parameterized8: 
datapath__13: 
reg__45: 
reg__142: 
reg__13: 
case__7: 
reg__89: 
datapath__8: 
dsp48e1__6: 
counter__4: 
reg__93: 
clk_wiz: 
datapath: 
reg__133: 
reg__98: 
datapath__14: 
blk_mem_gen_prim_width__parameterized17: 
datapath__48: 
case__36: 
case__52: 
logic__183: 
case__51: 
datapath__26: 
reg__117: 
reg__6: 
blk_mem_output_block__parameterized1: 
datapath__67: 
datapath__40: 
reg__139: 
datapath__29: 
datapath__56: 
logic: 
logic__119: 
datapath__1: 
logic__43: 
bindec: 
blk_mem_input_block__parameterized1: 
case__10: 
reg__78: 
reg__42: 
logic__111: 
logic__104: 
blk_mem_gen_v8_4_3_synth__parameterized1: 
reg__44: 
reg__48: 
counter: 
case__13: 
reg__65: 
case__25: 
logic__143: 
datapath__32: 
reg__149: 
case__33: 
logic__189: 
case__56: 
blk_mem_gen_prim_wrapper__parameterized17: 
reg__118: 
clk_wiz_leaf: 
reg__121: 
datapath__5: 
blk_mem_gen_v8_4_3__parameterized1: 
reg__167: 
case__14: 
reg__162: 
datapath__70: 
logic__149: 
logic__94: 
logic__145: 
reg__68: 
case: 
reg__132: 
datapath__7: 
reg__25: 
blk_mem_gen_0: 
datapath__74: 
logic__186: 
datapath__43: 
reg__110: 
reg__19: 
ram_delay: 
reg__62: 
logic__175: 
reg__111: 
blk_mem_gen_prim_wrapper__parameterized12: 
logic__123: 
reg__16: 
logic__179: 
reg__157: 
blk_mem_gen_mux__parameterized4: 
case__54: 
reg__137: 
reg__59: 
reg__104: 
reg__100: 
reg__70: 
blk_mem_gen_prim_width__parameterized3: 
blk_mem_gen_prim_wrapper__parameterized5: 
blk_mem_gen_1: 
logic__42: 
case__1: 
logic__15: 
blk_mem_gen_prim_width__parameterized5: 
logic__159: 
logic__87: 
case__31: 
datapath__36: 
case__39: 
reg__8: 
logic__88: 
case__32: 
datapath__62: 
blk_mem_gen_prim_width__parameterized19: 
logic__14: 
logic__168: 
datapath__19: 
reg__82: 
case__41: 
datapath__53: 
blk_mem_gen_prim_width__parameterized15: 
blk_mem_gen_v8_4_3: 
logic__48: 
datapath__23: 
blk_mem_output_block__parameterized0: 
case__75: 
datapath__45: 
case__47: 
blk_mem_gen_mux__parameterized3: 
case__22: 
datapath__76: 
logic__164: 
reg__80: 
logic__93: 
logic__141: 
reg__146: 
case__45: 
reg__26: 
reg__73: 
blk_mem_gen_prim_width__parameterized0: 
counter__8: 
case__59: 
blk_mem_gen_prim_width: 
blk_mem_gen_prim_wrapper_init__parameterized0: 
datapath__55: 
case__49: 
counter__6: 
reg__41: 
logic__8: 
datapath__68: 
logic__68: 
blk_mem_gen_top: 
case__68: 
datapath__47: 
reg__83: 
reg__151: 
datapath__33: 
logic__10: 
reg__114: 
logic__161: 
blk_mem_gen_generic_cstr__parameterized0: 
logic__170: 
dsp48e1__5: 
reg__67: 
dsp48e1: 
case__29: 
reg__88: 
datapath__44: 
datapath__30: 
blk_mem_gen_mux__parameterized1: 
logic__91: 
datapath__34: 
logic__115: 
blk_mem_gen_mux: 
reg__21: 
datapath__69: 
logic__177: 
reg__63: 
reg__123: 
reg__97: 
logic__171: 
case__23: 
logic__173: 
logic__142: 
logic__20: 
case__70: 
blk_mem_gen_prim_width__parameterized23: 
logic__92: 
effect_config: 
reg__75: 
case__27: 
counter__5: 
reg__1: 
blk_mem_input_block: 
datapath__3: 
blk_mem_gen_prim_width__parameterized14: 
reg__164: 
datapath__61: 
blk_mem_gen_prim_width__parameterized2: 
datapath__42: 
datapath__11: 
logic__144: 
logic__169: 
datapath__28: 
addsub: 
noise_gate__parameterized0: 
reg__61: 
reg__166: 
blk_mem_gen_2: 
reg__171: 
logic__21: 
datapath__10: 
blk_mem_gen_prim_width__parameterized21: 
blk_mem_gen_prim_wrapper__parameterized9: 
datapath__66: 
blk_mem_gen_prim_wrapper_init__parameterized1: 
logic__89: 
blk_mem_gen_prim_wrapper__parameterized18: 
datapath__39: 
reg__126: 
reg__34: 
delay: 
reg__147: 
reg__140: 
case__5: 
reg__128: 
reg__81: 
reg__129: 
blk_mem_gen_prim_width__parameterized6: 
reg__7: 
blk_mem_gen_prim_width__parameterized25: 
reg__9: 
reg__60: 
logic__45: 
case__28: 
reg__141: 
reg__158: 
blk_mem_gen_prim_wrapper__parameterized14: 
logic__46: 
blk_mem_gen_prim_width__parameterized20: 
case__44: 
blk_mem_gen_prim_width__parameterized4: 
dsp48e1__4: 
logic__136: 
reg__5: 
datapath__24: 
logic__40: 
blk_mem_gen_prim_wrapper__parameterized3: 
case__17: 
datapath__21: 
datapath__6: 
logic__95: 
design_1_top_0_0: 
datapath__37: 
datapath__35: 
dsp48e1__3: 
case__30: 
logic__139: 
logic__172: 
reg__113: 
reg__71: 
blk_mem_gen_mux__parameterized0: 
blk_mem_gen_prim_width__parameterized24: 
reg__4: 
datapath__65: 
reg__11: 
logic__114: 
case__43: 
logic__174: 
case__42: 
case__65: 
blk_mem_gen_prim_wrapper__parameterized10: 
case__55: 
reg__136: 
case__4: 
logic__116: 
reg__74: 
reg__125: 
reg__108: 
case__62: 
datapath__49: 
reg__165: 
reg__122: 
blk_mem_gen_prim_wrapper_init__parameterized2: 
reg__30: 
logic__47: 
case__72: 
blk_mem_gen_top__parameterized1: 
reg__77: 
blk_mem_gen_v8_4_3_synth: 
case__74: 
reg__170: 
reg__31: 
datapath__46: 
reg__22: 
reg__138: 
dsp48e1__1: 
reg__53: 
debouncer_array: 
reg__172: 
logic__182: 
reg__145: 
blk_mem_gen_prim_width__parameterized22: 
reg__18: 
blk_mem_gen_prim_wrapper__parameterized6: 
datapath__75: 
blk_mem_gen_prim_wrapper__parameterized20: 
blk_mem_gen_prim_wrapper__parameterized15: 
case__3: 
datapath__38: 
reg__168: 
reg__120: 
datapath__20: 
case__9: 
reg__127: 
reg__55: 
reg__109: 
logic__1: 
reg__49: 
case__20: 
datapath__18: 
case__57: 
reg__29: 
blk_mem_gen_prim_width__parameterized13: 
reg__156: 
blk_mem_gen_prim_wrapper__parameterized16: 
logic__41: 
blk_mem_gen_mux__parameterized2: 
case__26: 
reg__76: 
i2s_control: 
reg__15: 
reg__87: 
reg__17: 
reg__36: 
blk_mem_gen_prim_width__parameterized10: 
blk_mem_gen_prim_wrapper__parameterized21: 
blk_mem_gen_prim_wrapper__parameterized1: 
debouncer: 
counter__1: 
reg__90: 
datapath__15: 
reg__20: 
reg__23: 
reg__43: 
reg__144: 
ram_reverb: 
case__69: 
logic__90: 
case__35: 
datapath__59: 
datapath__63: 
datapath__54: 
reg__95: 
datapath__12: 
reg__84: 
reg__12: 
reg__51: 
datapath__73: 
reg__153: 
case__61: 
case__73: 
reverb: 
datapath__58: 
datapath__16: 
top: 
reg__131: 
reg__56: 
case__2: 
blk_mem_input_block__parameterized0: 
logic__122: 
reg__46: 
reg__119: 
datapath__22: 
counter__3: 
muxpart__1: 
reg__50: 
datapath__60: 
reg__116: 
case__40: 
blk_mem_gen_prim_wrapper__parameterized7: 
reg__39: 
case__64: 
case__46: 
reg__107: 
datapath__31: 
distortion: 
reg__154: 
reg__33: 
reg__101: 
muxpart: 
case__48: 
reg__66: 
logic__166: 
blk_mem_gen_prim_wrapper: 
reg__10: 
blk_mem_gen_generic_cstr: 
reg__38: 
reg__58: 
datapath__64: 
logic__7: 
blk_mem_gen_v8_4_3_synth__parameterized0: 
reg__14: 
logic__167: 
datapath__41: 
logic__178: 
logic__158: 
reg__3: 
logic__44: 
case__60: 
reg__86: 
reg__169: 
reg__163: 
reg__94: 
datapath__72: 
reg__152: 
reg__99: 
reg__24: 
reg__159: 
blk_mem_gen_prim_wrapper__parameterized13: 
logic__165: 
